../Src/driver/stm32f4xx_spi.c:21:6:SPI_Init	24	static
../Src/driver/stm32f4xx_spi.c:69:6:SPI_Deinit	16	static
../Src/driver/stm32f4xx_spi.c:110:6:SPI_PeriClockControl	16	static
../Src/driver/stm32f4xx_spi.c:182:16:Is_Empty_Tx	16	static
../Src/driver/stm32f4xx_spi.c:186:16:Is_Not_Empty_Rx	16	static
../Src/driver/stm32f4xx_spi.c:190:16:Is_16BitFrame	16	static
../Src/driver/stm32f4xx_spi.c:194:6:SPI_SendData	24	static
../Src/driver/stm32f4xx_spi.c:233:6:SPI_ReceiveData	24	static
../Src/driver/stm32f4xx_spi.c:272:13:spi_transmission_handle	16	static
../Src/driver/stm32f4xx_spi.c:295:13:spi_reception_handle	16	static
../Src/driver/stm32f4xx_spi.c:319:13:spi_ovr_handle	24	static
../Src/driver/stm32f4xx_spi.c:333:6:SPI_CloseTransmission	16	static
../Src/driver/stm32f4xx_spi.c:341:6:SPI_CloseReception	16	static
../Src/driver/stm32f4xx_spi.c:349:6:SPI_ClearOVRFlag	16	static
../Src/driver/stm32f4xx_spi.c:367:6:SPI_IrqHandling	24	static
../Src/driver/stm32f4xx_spi.c:404:6:SPI_PeripheralControl	16	static
../Src/driver/stm32f4xx_spi.c:429:6:SPI_SSIConfig	16	static
../Src/driver/stm32f4xx_spi.c:443:6:SPI_SSOEConfig	16	static
../Src/driver/stm32f4xx_spi.c:470:9:SPI_GetStatusFlag	16	static
../Src/driver/stm32f4xx_spi.c:488:9:SPI_SendDataIT	32	static
../Src/driver/stm32f4xx_spi.c:519:9:SPI_ReceiveDataIT	32	static
../Src/driver/stm32f4xx_spi.c:535:6:SPI_InteruptConfig	24	static
../Src/driver/stm32f4xx_spi.c:592:6:SPI_PriorityConfig	24	static
