../Src/driver/stm32f4xx_i2c.c:17:20:I2CStop	16	static
../Src/driver/stm32f4xx_i2c.c:30:20:I2C_GenerateStartCondition	16	static
../Src/driver/stm32f4xx_i2c.c:35:23:I2C_GetFlagStatus	16	static
../Src/driver/stm32f4xx_i2c.c:46:20:I2C_ExecuteAddressPhaseWrite	16	static
../Src/driver/stm32f4xx_i2c.c:52:20:I2C_ExecuteAddressPhaseRead	16	static
../Src/driver/stm32f4xx_i2c.c:58:20:I2C_ADDRClearFlag	24	static
../Src/driver/stm32f4xx_i2c.c:65:20:I2C_BufferInteruptEnable	16	static
../Src/driver/stm32f4xx_i2c.c:70:20:I2C_EventInteruptEnable	16	static
../Src/driver/stm32f4xx_i2c.c:75:20:I2C_ErrorInteruptEnable	16	static
../Src/driver/stm32f4xx_i2c.c:80:20:ACK_Control	16	static
../Src/driver/stm32f4xx_i2c.c:91:6:I2C_MasterSendData	24	static
../Src/driver/stm32f4xx_i2c.c:146:6:I2C_MasterReceiveData	24	static
../Src/driver/stm32f4xx_i2c.c:186:9:I2C_MasterSendDataIT	32	static
../Src/driver/stm32f4xx_i2c.c:207:9:I2C_MasterReceiveDataIT	32	static
../Src/driver/stm32f4xx_i2c.c:228:17:GetPLLClock	4	static
../Src/driver/stm32f4xx_i2c.c:233:17:GetClock	64	static
../Src/driver/stm32f4xx_i2c.c:276:6:I2C_Init	24	static
../Src/driver/stm32f4xx_i2c.c:334:6:I2C_PeriClockControl	16	static
../Src/driver/stm32f4xx_i2c.c:368:6:I2C_PeripheralControl	16	static
../Src/driver/stm32f4xx_i2c.c:381:6:I2C_InteruptConfig	24	static
../Src/driver/stm32f4xx_i2c.c:399:6:I2C_PriorityConfig	24	static
../Src/driver/stm32f4xx_i2c.c:408:20:SB_Ev_Handler	4	static
../Src/driver/stm32f4xx_i2c.c:412:20:ADDR_Ev_Handler	4	static
../Src/driver/stm32f4xx_i2c.c:416:20:BTF_Ev_Handler	4	static
../Src/driver/stm32f4xx_i2c.c:420:20:STOPF_Ev_Handler	4	static
../Src/driver/stm32f4xx_i2c.c:424:20:TXE_Ev_Handler	4	static
../Src/driver/stm32f4xx_i2c.c:428:20:RXNE_Ev_Handler	4	static
../Src/driver/stm32f4xx_i2c.c:432:6:I2C_EV_IRQHandling	32	static
../Src/driver/stm32f4xx_i2c.c:487:6:I2C_ER_IRQHandling	16	static
../Src/driver/stm32f4xx_i2c.c:491:6:I2C_ApplicationEventCallback	16	static
