../Src/driver/stm32f4xx_i2c.c:17:20:I2CStop	16	static
../Src/driver/stm32f4xx_i2c.c:30:20:I2C_GenerateStartCondition	16	static
../Src/driver/stm32f4xx_i2c.c:35:23:I2C_GetFlagStatus	16	static
../Src/driver/stm32f4xx_i2c.c:46:20:ACK_Control	16	static
../Src/driver/stm32f4xx_i2c.c:57:20:I2C_ExecuteAddressPhaseWrite	16	static
../Src/driver/stm32f4xx_i2c.c:63:20:I2C_ExecuteAddressPhaseRead	16	static
../Src/driver/stm32f4xx_i2c.c:69:20:I2C_ADDRClearFlag	24	static
../Src/driver/stm32f4xx_i2c.c:103:20:I2C_BufferInteruptEnable	16	static
../Src/driver/stm32f4xx_i2c.c:108:20:I2C_EventInteruptEnable	16	static
../Src/driver/stm32f4xx_i2c.c:113:20:I2C_ErrorInteruptEnable	16	static
../Src/driver/stm32f4xx_i2c.c:118:6:I2C_MasterSendData	24	static
../Src/driver/stm32f4xx_i2c.c:173:6:I2C_MasterReceiveData	24	static
../Src/driver/stm32f4xx_i2c.c:213:9:I2C_MasterSendDataIT	32	static
../Src/driver/stm32f4xx_i2c.c:234:9:I2C_MasterReceiveDataIT	32	static
../Src/driver/stm32f4xx_i2c.c:255:17:GetPLLClock	4	static
../Src/driver/stm32f4xx_i2c.c:260:17:GetClock	64	static
../Src/driver/stm32f4xx_i2c.c:303:6:I2C_Init	24	static
../Src/driver/stm32f4xx_i2c.c:361:6:I2C_PeriClockControl	16	static
../Src/driver/stm32f4xx_i2c.c:395:6:I2C_PeripheralControl	16	static
../Src/driver/stm32f4xx_i2c.c:408:6:I2C_InteruptConfig	24	static
../Src/driver/stm32f4xx_i2c.c:426:6:I2C_PriorityConfig	24	static
../Src/driver/stm32f4xx_i2c.c:435:20:SB_Ev_Handler	4	static
../Src/driver/stm32f4xx_i2c.c:439:20:ADDR_Ev_Handler	4	static
../Src/driver/stm32f4xx_i2c.c:443:20:BTF_Ev_Handler	4	static
../Src/driver/stm32f4xx_i2c.c:447:20:STOPF_Ev_Handler	4	static
../Src/driver/stm32f4xx_i2c.c:451:20:TXE_Ev_Handler	4	static
../Src/driver/stm32f4xx_i2c.c:455:20:RXNE_Ev_Handler	4	static
../Src/driver/stm32f4xx_i2c.c:459:6:I2C_EV_IRQHandling	32	static
../Src/driver/stm32f4xx_i2c.c:571:6:I2C_ER_IRQHandling	16	static
../Src/driver/stm32f4xx_i2c.c:575:6:I2C_ApplicationEventCallback	16	static
