../Src/driver/stm32f4xx_uart.c:2:20:TXEIE_Control	16	static
../Src/driver/stm32f4xx_uart.c:13:23:Is_TXEIE_Enable	16	static
../Src/driver/stm32f4xx_uart.c:17:23:Is_TXE_Set	16	static
../Src/driver/stm32f4xx_uart.c:21:10:GetPLLClock	4	static
../Src/driver/stm32f4xx_uart.c:25:6:Control_USART	16	static
../Src/driver/stm32f4xx_uart.c:36:20:Transmission_Control	16	static
../Src/driver/stm32f4xx_uart.c:47:23:Transmision_Not_Complete	16	static
../Src/driver/stm32f4xx_uart.c:51:23:Busy_Tx	16	static
../Src/driver/stm32f4xx_uart.c:55:17:GetClock	64	static
../Src/driver/stm32f4xx_uart.c:97:20:BaudRateSetting	40	static
../Src/driver/stm32f4xx_uart.c:118:6:USART_Init	16	static
../Src/driver/stm32f4xx_uart.c:155:6:USART_PeriClockControl	16	static
../Src/driver/stm32f4xx_uart.c:173:6:USART_Handling	16	static
../Src/driver/stm32f4xx_uart.c:188:9:USART_TransmitDataIT	32	static
../Src/driver/stm32f4xx_uart.c:203:6:USART_TransmitData	24	static
../Src/driver/stm32f4xx_uart.c:221:6:USART_ReceiveData	24	static
../Src/driver/stm32f4xx_uart.c:226:6:USART_InteruptConfig	24	static
../Src/driver/stm32f4xx_uart.c:244:6:USART_IrqHandling	16	static
../Src/driver/stm32f4xx_uart.c:249:6:USART_PriorityConfig	24	static
